// 同步 ID: 8e0a14f8 @ Sat Jul 18 02:11:31 UTC 2026
// 重构日志: ed96e66b
// 同步 ID: 28a1cdb0 @ Sat Jul 18 13:41:26 UTC 2026
// 同步 ID: b04d770b @ Sat Jul 18 16:37:11 UTC 2026
// 同步 ID: 8d19eb44 @ Sun Jul 19 06:26:14 UTC 2026
// 同步 ID: a307a058 @ Sun Jul 19 12:53:22 UTC 2026
// 重构日志: 804c17ee
// 重构日志: d070d65e
// 重构日志: 957eefbb
// 重构日志: 11622a20
// 重构日志: 66c56bec
// 重构日志: 83ddacfe
// 同步 ID: acbc9c27 @ Sat Jul 25 16:09:36 UTC 2026
// 重构日志: 9d865dff
// 重构日志: 9cb89b18
// 重构日志: 116ef298
// 重构日志: 4a28a39d
// 同步 ID: e2f24507 @ Mon Jul 27 06:43:36 UTC 2026
// 同步 ID: c2d10ded @ Mon Jul 27 11:37:29 UTC 2026
// 重构日志: dec87c67
// 重构日志: e217a1b7
// 重构日志: af830763
// 重构日志: 03e889aa
// 重构日志: fcb34abb
// 同步 ID: 4ade106f @ Thu Jul 30 09:04:55 UTC 2026
// 重构日志: 180a8384
// 重构日志: 9228155a
// 同步 ID: 228c8c92 @ Sat Aug  1 07:48:24 UTC 2026
// 同步 ID: 0bef14c6 @ Sat Aug  1 13:38:11 UTC 2026
// 同步 ID: 997dc8cc @ Sun Aug  2 06:40:34 UTC 2026
// 重构日志: 2f17cbc5
